Restore Archived Project report for release-F68K_DE0CV_DEMU
Sun Mar 01 09:33:12 2020
Quartus Prime Version 18.1.0 Build 625 09/12/2018 SJ Lite Edition


---------------------
; Table of Contents ;
---------------------
  1. Legal Notice
  2. Restore Archived Project Summary
  3. Restore Archived Project Messages
  4. Files Restored
  5. Files Not Restored



----------------
; Legal Notice ;
----------------
Copyright (C) 2018  Intel Corporation. All rights reserved.
Your use of Intel Corporation's design tools, logic functions 
and other software and tools, and its AMPP partner logic 
functions, and any output files from any of the foregoing 
(including device programming or simulation files), and any 
associated documentation or information are expressly subject 
to the terms and conditions of the Intel Program License 
Subscription Agreement, the Intel Quartus Prime License Agreement,
the Intel FPGA IP License Agreement, or other applicable license
agreement, including, without limitation, that your use is for
the sole purpose of programming logic devices manufactured by
Intel and sold by Intel or its authorized distributors.  Please
refer to the applicable agreement for further details.



+-------------------------------------------------------------------------+
; Restore Archived Project Summary                                        ;
+---------------------------------+---------------------------------------+
; Restore Archived Project Status ; Successful - Sun Mar 01 09:33:12 2020 ;
; Revision Name                   ; release-F68K_DE0CV_DEMU               ;
; Top-level Entity Name           ; X68DE0CVDEMU2                         ;
; Family                          ; Cyclone V                             ;
+---------------------------------+---------------------------------------+


+-----------------------------------+
; Restore Archived Project Messages ;
+-----------------------------------+
Info: Successfully restored 'C:/Users/kuni/work/DE0CV-X68k/release-F68k_DE0CVDEMU.200224.qar' into the 'C:/Users/kuni/work/DE0CV-X68k/release-F68k_DE0CVDEMU.200224_restored.org/' directory
Info: Generated report 'release-F68K_DE0CV_DEMU.restore.rpt'
Info (23030): Evaluation of Tcl script c:/intelfpga_lite/18.1/quartus/common/tcl/apps/qpm/qar.tcl was successful
Info: Quartus Prime Shell was successful. 0 errors, 179 warnings
    Info: Peak virtual memory: 4855 megabytes
    Info: Processing ended: Sun Mar 01 09:33:15 2020
    Info: Elapsed time: 00:00:13
    Info: Total CPU time (on all processors): 00:00:09


+---------------------------------------------------------------------------+
; Files Restored                                                            ;
+---------------------------------------------------------------------------+
; File Name                                                                 ;
+---------------------------------------------------------------------------+
; CPU/tg68/VHDL/TG68.vhd                                                    ;
; CPU/tg68/VHDL/TG68_fast.vhd                                               ;
; FDC/FDC_sectinfo.vhd                                                      ;
; FDC/FDC_timing.vhd                                                        ;
; FDC/FDCs.vhd                                                              ;
; FDC/crctest.vhd                                                           ;
; FDC/dskchk.vhd                                                            ;
; FDC/dskchk2d.vhd                                                          ;
; FDC/fmdem.vhd                                                             ;
; FDC/fmmod.vhd                                                             ;
; FDC/headseek.vhd                                                          ;
; FDC/mfmdem.vhd                                                            ;
; FDC/mfmmod.vhd                                                            ;
; FDC/nrdet.vhd                                                             ;
; I2C/I2CIF.vhd                                                             ;
; I2C/I2C_pkg.vhd                                                           ;
; LIB/CRCGENN.vhd                                                           ;
; LIB/HEX2SEG.vhd                                                           ;
; LIB/HEX2SEGn.vhd                                                          ;
; LIB/PARGEN.vhd                                                            ;
; LIB/PARITYG.vhd                                                           ;
; LIB/addsat.vhd                                                            ;
; LIB/clkdiv.vhd                                                            ;
; LIB/clktx.vhd                                                             ;
; LIB/datfifo.vhd                                                           ;
; LIB/delayer.vhd                                                           ;
; LIB/delayon.vhd                                                           ;
; LIB/deltasigmadac.vhd                                                     ;
; LIB/digifilter.vhd                                                        ;
; LIB/digifilters.vhd                                                       ;
; LIB/e8255.vhd                                                             ;
; LIB/g_srff.vhd                                                            ;
; LIB/sftclk.vhd                                                            ;
; LIB/sftdiv.vhd                                                            ;
; LIB/sftgen.vhd                                                            ;
; LIB/signext.vhd                                                           ;
; LIB/unchchata.vhd                                                         ;
; PS2IF/PS2IF.vhd                                                           ;
; SPI/SPI_IF.vhd                                                            ;
; USART/rxframe.vhd                                                         ;
; USART/txframe.vhd                                                         ;
; VIDEO/CRTCX68TXT.vhd                                                      ;
; VIDEO/HDMI/tmds_enc.vhd                                                   ;
; VIDEO/VTIMINGX68.vhd                                                      ;
; VIDEO/font/font.mif                                                       ;
; VIDEO/font/fontrom.cmp                                                    ;
; VIDEO/font/fontrom.qip                                                    ;
; VIDEO/font/fontrom.vhd                                                    ;
; VIDEO/synccont.vhd                                                        ;
; VIDEO/textscrv.vhd                                                        ;
; VIDEO/video_timing_800x600_pkg.vhd                                        ;
; BIOS/IPLROM.hex                                                           ;
; DMAC/DMA63450.vhd                                                         ;
; DMAC/dma1ch.vhd                                                           ;
; Doc/pin-assign.xls                                                        ;
; Doc/readme.txt                                                            ;
; FDtiming.vhd                                                              ;
; GPALETTE/gpram.cmp                                                        ;
; GPALETTE/gpram.qip                                                        ;
; GPALETTE/gpram.vhd                                                        ;
; GPALETTE/grpal.vhd                                                        ;
; HDMI/LVDStrans.bsf                                                        ;
; HDMI/LVDStrans.cmp                                                        ;
; HDMI/LVDStrans.inc                                                        ;
; HDMI/LVDStrans.ppf                                                        ;
; HDMI/LVDStrans.qip                                                        ;
; HDMI/LVDStrans.vhd                                                        ;
; HDMI/LVDStrans_inst.vhd                                                   ;
; HDMI/hdmiconv.vhd                                                         ;
; INTcont.vhd                                                               ;
; IOcont.vhd                                                                ;
; MFP/GPIP.vhd                                                              ;
; MFP/KBIF/KBCONV.vhd                                                       ;
; MFP/KBIF/ktble0.cmp                                                       ;
; MFP/KBIF/ktble0.hex                                                       ;
; MFP/KBIF/ktble0.vhd                                                       ;
; MFP/KBIF/ktbln.cmp                                                        ;
; MFP/KBIF/ktbln.hex                                                        ;
; MFP/KBIF/ktbln.vhd                                                        ;
; MFP/MFP.vhd                                                               ;
; MFP/MFPint.vhd                                                            ;
; MFP/MFPtimer.vhd                                                          ;
; MFP/MFPtimerS.vhd                                                         ;
; SASIIF/sasiif.vhd                                                         ;
; SASIIF/sasiio.vhd                                                         ;
; SASIIF/sasisd.vhd                                                         ;
; SCC/MOUSEIF/MOUSECONV.vhd                                                 ;
; SCC/scc.vhd                                                               ;
; SCC/sccreg.vhd                                                            ;
; SDRAMC.vhd                                                                ;
; SPRITE/bgvram.vhd                                                         ;
; SPRITE/pcgram.vhd                                                         ;
; SPRITE/sline.vhd                                                          ;
; SPRITE/slinebuf.vhd                                                       ;
; SPRITE/spritec.vhd                                                        ;
; SPRITE/sprram.vhd                                                         ;
; SPRITE/sprreg.vhd                                                         ;
; SPRITE/sprregs.vhd                                                        ;
; SRAML.mif                                                                 ;
; SRAMU.mif                                                                 ;
; X68DE0CVDEMU2.vhd                                                         ;
; X68mmap.vhd                                                               ;
; X68mmapCV.vhd                                                             ;
; asmicont.bsf                                                              ;
; asmicont.cmp                                                              ;
; asmicont.inc                                                              ;
; asmicont.qip                                                              ;
; asmicont.vhd                                                              ;
; asmicont_inst.vhd                                                         ;
; bwlatch.vhd                                                               ;
; cachecont.vhd                                                             ;
; cacheext.vhd                                                              ;
; cacheextr.vhd                                                             ;
; cachesel.vhd                                                              ;
; cereg.vhd                                                                 ;
; contcont.vhd                                                              ;
; contrast.vhd                                                              ;
; cycV/CACHEFLAG.cmp                                                        ;
; cycV/CACHEFLAG.qip                                                        ;
; cycV/CACHEFLAG.vhd                                                        ;
; cycV/CACHEMEM.cmp                                                         ;
; cycV/CACHEMEM.qip                                                         ;
; cycV/CACHEMEM.vhd                                                         ;
; cycV/CACHEMEMN.vhd                                                        ;
; cycV/CACHEMEMW.cmp                                                        ;
; cycV/CACHEMEMW.qip                                                        ;
; cycV/CACHEMEMW.vhd                                                        ;
; cycV/CACHEMEMWH.vhd                                                       ;
; cycV/CACHEMEMWN.vhd                                                       ;
; cycV/CACHEMEMWQ.vhd                                                       ;
; cycV/VLINEBUF.cmp                                                         ;
; cycV/VLINEBUF.qip                                                         ;
; cycV/VLINEBUF.vhd                                                         ;
; cycV/mainpll.qip                                                          ;
; cycV/nvmem.cmp                                                            ;
; cycV/nvmem.qip                                                            ;
; cycV/nvmem.vhd                                                            ;
; cycV/nvmeml.cmp                                                           ;
; cycV/nvmeml.qip                                                           ;
; cycV/nvmeml.vhd                                                           ;
; cycV/nvmemu.cmp                                                           ;
; cycV/nvmemu.qip                                                           ;
; cycV/nvmemu.vhd                                                           ;
; cycV/txtpram.cmp                                                          ;
; cycV/txtpram.qip                                                          ;
; cycV/txtpram.vhd                                                          ;
; cycV/vnmeml.cmp                                                           ;
; cycV/vnmeml.qip                                                           ;
; cycV/vnmeml.vhd                                                           ;
; mainpll.cmp                                                               ;
; mainpll.ppf                                                               ;
; mainpll.qip                                                               ;
; mainpll.vhd                                                               ;
; mainpllCVdemu.cmp                                                         ;
; mainpllCVdemu.qip                                                         ;
; mainpllCVdemu.vhd                                                         ;
; mainpllCVdemu/mainpllCVdemu_0002.qip                                      ;
; mainpllCVdemu/mainpllCVdemu_0002.v                                        ;
; memcont.vhd                                                               ;
; mputest.vhd                                                               ;
; nvram.vhd                                                                 ;
; output_file.cof                                                           ;
; pcmclk.vhd                                                                ;
; pwrcont.vhd                                                               ;
; ramreg.vhd                                                                ;
; rastercopy.vhd                                                            ;
; readflash.vhd                                                             ;
; romcopy.vhd                                                               ;
; txtpal.vhd                                                                ;
; txtpramh.cmp                                                              ;
; txtpramh.qip                                                              ;
; txtpramh.vhd                                                              ;
; txtpraml.cmp                                                              ;
; txtpraml.qip                                                              ;
; txtpraml.vhd                                                              ;
; F68K_DE0CV_DEMU_AO.qsf                                                    ;
; F68k_DE0.qpf                                                              ;
; F68k_DE0.qsf                                                              ;
; F68k_DE0.sdc                                                              ;
; F68k_DE0.vwf                                                              ;
; F68k_DE0CV.qsf                                                            ;
; F68k_DE0CV_DEMU.qsf                                                       ;
; F68k_DE0CV_DEMU2.qsf                                                      ;
; SDtest.qsf                                                                ;
; X68k_DE0CV.cof                                                            ;
; X68k_DE0CVDEMU.cof                                                        ;
; X68k_DE0CVDEMU2.cof                                                       ;
; db/ip/diskemu/diskemu.v                                                   ;
; db/ip/diskemu/submodules/altera_avalon_sc_fifo.v                          ;
; db/ip/diskemu/submodules/altera_merlin_address_alignment.sv               ;
; db/ip/diskemu/submodules/altera_merlin_arbitrator.sv                      ;
; db/ip/diskemu/submodules/altera_merlin_burst_adapter.sv                   ;
; db/ip/diskemu/submodules/altera_merlin_burst_uncompressor.sv              ;
; db/ip/diskemu/submodules/altera_merlin_master_agent.sv                    ;
; db/ip/diskemu/submodules/altera_merlin_master_translator.sv               ;
; db/ip/diskemu/submodules/altera_merlin_slave_agent.sv                     ;
; db/ip/diskemu/submodules/altera_merlin_slave_translator.sv                ;
; db/ip/diskemu/submodules/altera_merlin_width_adapter.sv                   ;
; db/ip/diskemu/submodules/altera_reset_controller.sdc                      ;
; db/ip/diskemu/submodules/altera_reset_controller.v                        ;
; db/ip/diskemu/submodules/altera_reset_synchronizer.v                      ;
; db/ip/diskemu/submodules/diskemu_FDRAM.hex                                ;
; db/ip/diskemu/submodules/diskemu_FDRAM.v                                  ;
; db/ip/diskemu/submodules/diskemu_irq_mapper.sv                            ;
; db/ip/diskemu/submodules/diskemu_jtag_uart_0.v                            ;
; db/ip/diskemu/submodules/diskemu_kbfifo.v                                 ;
; db/ip/diskemu/submodules/diskemu_mainmem.hex                              ;
; db/ip/diskemu/submodules/diskemu_mainmem.v                                ;
; db/ip/diskemu/submodules/diskemu_mm_interconnect_0.v                      ;
; db/ip/diskemu/submodules/diskemu_mm_interconnect_0_addr_router.sv         ;
; db/ip/diskemu/submodules/diskemu_mm_interconnect_0_addr_router_001.sv     ;
; db/ip/diskemu/submodules/diskemu_mm_interconnect_0_cmd_xbar_demux.sv      ;
; db/ip/diskemu/submodules/diskemu_mm_interconnect_0_cmd_xbar_demux_001.sv  ;
; db/ip/diskemu/submodules/diskemu_mm_interconnect_0_cmd_xbar_mux.sv        ;
; db/ip/diskemu/submodules/diskemu_mm_interconnect_0_cmd_xbar_mux_002.sv    ;
; db/ip/diskemu/submodules/diskemu_mm_interconnect_0_id_router.sv           ;
; db/ip/diskemu/submodules/diskemu_mm_interconnect_0_id_router_002.sv       ;
; db/ip/diskemu/submodules/diskemu_mm_interconnect_0_id_router_017.sv       ;
; db/ip/diskemu/submodules/diskemu_mm_interconnect_0_id_router_020.sv       ;
; db/ip/diskemu/submodules/diskemu_mm_interconnect_0_rsp_xbar_demux_002.sv  ;
; db/ip/diskemu/submodules/diskemu_mm_interconnect_0_rsp_xbar_mux.sv        ;
; db/ip/diskemu/submodules/diskemu_mm_interconnect_0_rsp_xbar_mux_001.sv    ;
; db/ip/diskemu/submodules/diskemu_model.v                                  ;
; db/ip/diskemu/submodules/diskemu_nios2_qsys_0.sdc                         ;
; db/ip/diskemu/submodules/diskemu_nios2_qsys_0.v                           ;
; db/ip/diskemu/submodules/diskemu_nios2_qsys_0_jtag_debug_module_sysclk.v  ;
; db/ip/diskemu/submodules/diskemu_nios2_qsys_0_jtag_debug_module_tck.v     ;
; db/ip/diskemu/submodules/diskemu_nios2_qsys_0_jtag_debug_module_wrapper.v ;
; db/ip/diskemu/submodules/diskemu_nios2_qsys_0_oci_test_bench.v            ;
; db/ip/diskemu/submodules/diskemu_nios2_qsys_0_ociram_default_contents.mif ;
; db/ip/diskemu/submodules/diskemu_nios2_qsys_0_rf_ram_a.mif                ;
; db/ip/diskemu/submodules/diskemu_nios2_qsys_0_rf_ram_b.mif                ;
; db/ip/diskemu/submodules/diskemu_nios2_qsys_0_test_bench.v                ;
; db/ip/diskemu/submodules/diskemu_nvsram.v                                 ;
; db/ip/diskemu/submodules/diskemu_pio_FDEJECT.v                            ;
; db/ip/diskemu/submodules/diskemu_pio_FDINDISK.v                           ;
; db/ip/diskemu/submodules/diskemu_pio_FDMOTOR.v                            ;
; db/ip/diskemu/submodules/diskemu_pio_FDRAMADDR.v                          ;
; db/ip/diskemu/submodules/diskemu_pio_FDRAMBUSY.v                          ;
; db/ip/diskemu/submodules/diskemu_pio_FDRAMRD.v                            ;
; db/ip/diskemu/submodules/diskemu_pio_FDSEL0.v                             ;
; db/ip/diskemu/submodules/diskemu_pio_FDSEL1.v                             ;
; db/ip/diskemu/submodules/diskemu_pio_FDWROTE.v                            ;
; db/ip/diskemu/submodules/diskemu_pio_NVSAVE.v                             ;
; db/ip/diskemu/submodules/diskemu_pio_SASIACK.v                            ;
; db/ip/diskemu/submodules/diskemu_pio_SASIBSY.v                            ;
; db/ip/diskemu/submodules/diskemu_pio_SASICD.v                             ;
; db/ip/diskemu/submodules/diskemu_pio_SASIIN.v                             ;
; db/ip/diskemu/submodules/diskemu_pio_SASIOUT.v                            ;
; db/ip/diskemu/submodules/diskemu_pio_SASISEL.v                            ;
; db/ip/diskemu/submodules/diskemu_pio_SDCS.v                               ;
; db/ip/diskemu/submodules/diskemu_spi_fast.v                               ;
; db/ip/diskemu/submodules/diskemu_spi_slow.v                               ;
; db/ip/diskemu/submodules/diskemu_sysid.v                                  ;
; db/ip/diskemu/submodules/diskemu_txt_cursorC.v                            ;
; db/ip/diskemu/submodules/diskemu_txt_cursorL.v                            ;
; db/ip/diskemu/submodules/diskemu_vram.hex                                 ;
; db/ip/diskemu/submodules/diskemu_vram.v                                   ;
; db/release-F68K_DE0CV_DEMU.cmp.hdb                                        ;
; db/release-F68K_DE0CV_DEMU.db_info                                        ;
; diskemu.qsf                                                               ;
; incremental_db/compiled_partitions/release-F68K_DE0CV_DEMU.db_info        ;
; ramtest.qsf                                                               ;
; release-F68K_DE0CV_DEMU.qsf                                               ;
; release-F68k_DE0CV.qsf                                                    ;
; release-X68k_DE0CV.cof                                                    ;
; trace.stp                                                                 ;
; vcaddr_pkg.vhd                                                            ;
; vcreg.vhd                                                                 ;
; vidcont.vhd                                                               ;
; vrcack.vhd                                                                ;
; wrreg.vhd                                                                 ;
; diskemu.v2/FDemu.vhd                                                      ;
; diskemu.v2/FDtrackram.cmp                                                 ;
; diskemu.v2/FDtrackram.vhd                                                 ;
; diskemu.v2/diskemu.qsys                                                   ;
; diskemu.v2/diskemuunit.vhd                                                ;
; diskemu.v2/fdtrackconv.vhd                                                ;
; diskemu.v2/mkgapsync.vhd                                                  ;
; diskemu.v2/software/diskemu/mem_init/diskemu_mainmem.hex                  ;
; diskemu.v2/software/diskemu/mem_init/meminit.qip                          ;
; diskemu.v2/software/diskemu/mem_init/sramdefault.hex                      ;
; diskemu.v2/software/nios-src.zip                                          ;
; diskemu.v2/sramdefault.hex                                                ;
; rtc/I2Crtc.vhd                                                            ;
; rtc/rp5c15.vhd                                                            ;
; rtc/rtcbody.vhd                                                           ;
; sound/FMcommon/MUL16x17.qip                                               ;
; sound/FMcommon/MUL16x17.vhd                                               ;
; sound/FMcommon/TL.mif                                                     ;
; sound/FMcommon/TLtbl.qip                                                  ;
; sound/FMcommon/TLtbl.vhd                                                  ;
; sound/FMcommon/envcont.vhd                                                ;
; sound/FMcommon/envelope_pkg.vhd                                           ;
; sound/FMcommon/envtest.vhd                                                ;
; sound/FMcommon/fmparram.vhd                                               ;
; sound/FMcommon/muls16xu16.vhd                                             ;
; sound/OPM/KEY2FNUM.cmp                                                    ;
; sound/OPM/KEY2FNUM.qip                                                    ;
; sound/OPM/KEY2FNUM.vhd                                                    ;
; sound/OPM/OPM.vhd                                                         ;
; sound/OPM/OPMcreg.vhd                                                     ;
; sound/OPM/OPMsreg.vhd                                                     ;
; sound/OPM/key2fnum.mif                                                    ;
; sound/OPM/parrmwram.vhd                                                   ;
; sound/adpcm6258/calcadpcm.vhd                                             ;
; sound/adpcm6258/e6258.vhd                                                 ;
; sound/adpcm6258/tbl6258.cmp                                               ;
; sound/adpcm6258/tbl6258.mif                                               ;
; sound/adpcm6258/tbl6258.qip                                               ;
; sound/adpcm6258/tbl6258.vhd                                               ;
; sound/cosn.mif                                                            ;
; sound/cosnrom.qip                                                         ;
; sound/cosnrom.vhd                                                         ;
; sound/midiif/em3802.vhd                                                   ;
; sound/mult16.vhd                                                          ;
; sound/noisegen.vhd                                                        ;
; sound/sinn.mif                                                            ;
; sound/sinnrom.qip                                                         ;
; sound/sinnrom.vhd                                                         ;
; sound/sintbl.vhd                                                          ;
; sound/sinw.mif                                                            ;
; sound/sinwrom.qip                                                         ;
; sound/sinwrom.vhd                                                         ;
; assignment_defaults.qdf                                                   ;
+---------------------------------------------------------------------------+


+--------------------+
; Files Not Restored ;
+--------------------+
; File Name          ;
+--------------------+


